[accounts.google.com/ServiceLogin50ea.html]
[backblue.gif]
[fade.gif]
[index.html]
[ssl.gstatic.com/ui/v1/menu/checkmark.png]
[ssl.gstatic.com/accounts/ui/logo_1x.png]
[ssl.gstatic.com/images/branding/googlelogo/1x/googlelogo_color_112x36dp.png]
[ssl.gstatic.com/accounts/ui/logo_2x.png]
[ssl.gstatic.com/images/branding/googlelogo/2x/googlelogo_color_112x36dp.png]
[ssl.gstatic.com/accounts/ui/wlogostrip_230x17_1x.png]
[ssl.gstatic.com/accounts/ui/wlogostrip_230x17_2x.png]
[ssl.gstatic.com/ui/v1/icons/common/x_8px.png]
[ssl.gstatic.com/accounts/ui/avatar_2x.png]
[accounts.google.com/signin/usernamerecovery0644.html]
[accounts.google.com/AccountChooser.cae03.delayed]
[accounts.google.com/ServiceLogine03d.html]
[accounts.google.com/SignUp66da.html]
[accounts.google.com/TOS.f8529.delayed]
[accounts.google.com/TOS.10dc1f.delayed]
[ssl.gstatic.com/images/icons/ui/common/universal_language_settings-21.png]
[accounts.google.com/POST.12.delayed]
[accounts.google.com/GET.13.delayed]
[accounts.google.com/ServiceLogin50ea.html]
[accounts.google.com/signin/usernamerecovery0644.html]
[accounts.google.com/AccountChooser.165cd6.delayed]
[accounts.google.com/ServiceLogine03d.html]
[ssl.gstatic.com/ui/v1/dialog/close-x.png]
[ssl.gstatic.com/i18n/phonenumbers/phoneinputwidget/flags4.png]
[accounts.google.com/SignUp5083.html]
[ssl.gstatic.com/ui/v1/disclosure/grey-disclosure-arrow-up-down.png]
[ssl.gstatic.com/i18n/phonenumbers/phoneinputwidget/phone-input-arrow.png]
[ssl.gstatic.com/accounts/ui/wlogostrip_325x24_1x.png]
[ssl.gstatic.com/accounts/signup/devices_1x.png]
[ssl.gstatic.com/accounts/ui/wlogostrip_325x24_2x.png]
[ssl.gstatic.com/accounts/signup/devices_2x.png]
[accounts.google.com/+/index.html]
[accounts.google.com/ServiceLoginb6fb.html]
[ssl.gstatic.com/accounts/ui/refresh_white.png]
[accounts.google.com/SignUpWithoutGmail7c98.html]
[www.gstatic.com/images/icons/material/system/2x/keyboard_arrow_down_white_24dp.png]
[accounts.google.com/SignUp66da.html]
[accounts.google.com/POST.html]
[accounts.google.com/GET.html]
[accounts.google.com/signin/recovery66da.html]
[accounts.google.com/ServiceLoginfec7.html]
[accounts.google.com/SignUpWithoutGmailf0f4.html]
[accounts.google.com/SignUp5083.html]
[accounts.google.com/+/index.html]
[accounts.google.com/signin/recoveryb407.html]
[accounts.google.com/AccountChooser.30b6fb.delayed]
[accounts.google.com/ServiceLoginb6fb.html]
[accounts.google.com/ServiceLoginfb7b.html]
[accounts.google.com/SignUpWithoutGmail5083.html]
[accounts.google.com/SignUpWithoutGmail7c98.html]
[accounts.google.com/signin/recovery66da.html]
[accounts.google.com/SignUp7c98.html]
[accounts.google.com/signin/usernamerecoverybb84.html]
[accounts.google.com/AccountChooser.3cfec7.delayed]
[accounts.google.com/ServiceLoginb8f8.html]
[accounts.google.com/ServiceLoginfec7.html]
[accounts.google.com/SignUpb407.html]
[accounts.google.com/SignUpWithoutGmailf0f4.html]
[accounts.google.com/signin/recoveryb407.html]
[accounts.google.com/SignUpf0f4.html]
[accounts.google.com/AccountChooser.47c5c9.delayed]
[accounts.google.com/ServiceLoginfb7b.html]
[accounts.google.com/ServiceLogin9d02.html]
[accounts.google.com/SignUpWithoutGmail5083.html]
[accounts.google.com/SignUp7c98.html]
[accounts.google.com/signin/usernamerecoverybb84.html]
[accounts.google.com/SignUp1a71.html]
[accounts.google.com/AccountChooser.54cd16.delayed]
[accounts.google.com/ServiceLoginb8f8.html]
[accounts.google.com/ServiceLoginefdc.html]
[accounts.google.com/SignUpWithoutGmail13f1.html]
[accounts.google.com/SignUpb407.html]
[accounts.google.com/SignUpf0f4.html]
[accounts.google.com/AccountChooser.5f9d02.delayed]
[accounts.google.com/ServiceLogin9d02.html]
[accounts.google.com/SignUp1a71.html]
[accounts.google.com/SignUpWithoutGmail1a71.html]
[accounts.google.com/AccountChooser.66efdc.delayed]
[accounts.google.com/ServiceLoginefdc.html]
[accounts.google.com/SignUpWithoutGmail13f1.html]
[accounts.google.com/SignUpWithoutGmail1a71.html]
[accounts.google.com/SignUp13f1.html]
[accounts.google.com/SignUp13f1.html]
